// Jest Snapshot v1, https://goo.gl/fbAQLP

exports[`CreatePolicyForm expect to render the wizard 1`] = `
<Wizard
  appendTo={null}
  backButtonText="Back"
  cancelButtonText="Cancel"
  className="compliance"
  closeButtonAriaLabel="Close"
  description="Create a new policy for managing SCAP compliance"
  descriptionComponent="p"
  footer={null}
  hasDrawer={false}
  hasNoBodyPadding={false}
  height={null}
  hideClose={false}
  isDrawerExpanded={false}
  isNavExpandable={false}
  isOpen={true}
  mainAriaLabel={null}
  mainAriaLabelledBy={null}
  navAriaLabel={null}
  navAriaLabelledBy={null}
  nextButtonText="Next"
  onBack={[Function]}
  onClose={[Function]}
  onExpandDrawer={[Function]}
  onGoToStep={[Function]}
  onNext={[Function]}
  startAtStep={1}
  steps={
    Array [
      Object {
        "component": <Memo(Connect(ReduxForm)) />,
        "enableNext": false,
        "id": 1,
        "name": "Create SCAP policy",
      },
      Object {
        "canJumpTo": false,
        "component": <Memo(Connect(ReduxForm)) />,
        "enableNext": false,
        "id": 2,
        "name": "Details",
      },
      Object {
        "canJumpTo": false,
        "component": <Memo(Connect(ReduxForm)) />,
        "enableNext": false,
        "id": 3,
        "name": "Systems",
      },
      Object {
        "canJumpTo": false,
        "component": <Memo(Connect(ReduxForm)) />,
        "enableNext": false,
        "id": 4,
        "name": "Rules",
      },
      Object {
        "canJumpTo": false,
        "component": <Memo(Connect(ReviewCreatedPolicy)) />,
        "id": 5,
        "name": "Review",
        "nextButtonText": "Finish",
      },
      Object {
        "canJumpTo": false,
        "component": <Memo(Connect(ReduxForm))
          onWizardFinish={[Function]}
        />,
        "id": 6,
        "isFinishedStep": true,
        "name": "Finished",
      },
    ]
  }
  title="Create SCAP policy"
  width={1220}
/>
`;

exports[`CreatePolicyForm expect to render the wizard with enableNext on systems 1`] = `true`;
