// Jest Snapshot v1, https://goo.gl/fbAQLP

exports[`ReviewCreatedPolicy expect to render without error 1`] = `
<div
  className="pf-c-content"
>
  <h1
    className=""
    data-pf-content={true}
  >
    Review
  </h1>
  <h4
    className=""
    data-pf-content={true}
  >
    Review your policy before finishing.
  </h4>
  <dl
    className=""
    data-pf-content={true}
  >
    <dt
      className=""
      data-pf-content={true}
    >
      Operating system
    </dt>
    <dd
      className=""
      data-pf-content={true}
    >
      RHEL 7
    </dd>
    <dt
      className=""
      data-pf-content={true}
    >
      Security guide
    </dt>
    <dd
      className=""
      data-pf-content={true}
    >
       SCAP security guide for RHEL7 - 0.1.40
    </dd>
    <dt
      className=""
      data-pf-content={true}
    >
      Policy type
    </dt>
    <dd
      className=""
      data-pf-content={true}
    >
      C2S for Red Hat Enterprise Linux 6
    </dd>
    <dt
      className=""
      data-pf-content={true}
    >
      Policy name
    </dt>
    <dd
      className=""
      data-pf-content={true}
    >
      C2S for Red Hat Enterprise Linux 6
    </dd>
    <dt
      className=""
      data-pf-content={true}
    >
      Reference ID
    </dt>
    <dd
      className=""
      data-pf-content={true}
    >
      xccdf_org.ssgproject.content_profile_C2S
    </dd>
    <dt
      className=""
      data-pf-content={true}
    >
      Compliance threshold
    </dt>
    <dd
      className=""
      data-pf-content={true}
    >
      100
      %
    </dd>
    <dt
      className=""
      data-pf-content={true}
    >
      No. of rules
    </dt>
    <dd
      className=""
      data-pf-content={true}
    >
      1
    </dd>
    <dt
      className=""
      data-pf-content={true}
    >
      No. of systems
    </dt>
    <dd
      className=""
      data-pf-content={true}
    >
      0
    </dd>
  </dl>
</div>
`;

exports[`ReviewCreatedPolicy should render a spinner while loading 1`] = `
<div
  className="ins-c-spinner"
  role="status"
>
  <span
    className="pf-u-screen-reader"
  >
    Loading...
  </span>
</div>
`;
