// Jest Snapshot v1, https://goo.gl/fbAQLP

exports[`useTableSort returns a table sort configuration 1`] = `
{
  "current": {
    "sorter": [Function],
    "tableProps": {
      "cells": [
        {
          "exportKey": "id",
          "key": "id",
          "managable": false,
          "sortByProperty": "id",
          "title": "ID",
        },
        {
          "exportKey": "name",
          "key": "id",
          "renderFunc": [Function],
          "sortByProperty": "name",
          "title": "Name",
        },
        {
          "exportKey": "name",
          "key": "another_name_column",
          "renderExport": [Function],
          "sortByProperty": "name",
          "title": "Another Name column",
        },
        {
          "key": "desc",
          "renderExport": [Function],
          "sortByProperty": "description",
          "title": "Description",
        },
        {
          "exportKey": "severity",
          "renderFunc": [Function],
          "sortByFunction": [Function],
          "title": "Severity sorted by function",
          "transforms": [
            [Function],
          ],
        },
        {
          "exportKey": "severity",
          "renderFunc": [Function],
          "sortByArray": [
            "high",
            "medium",
            "low",
            "unknown",
          ],
          "sortByProperty": "severity",
          "title": "Severity by Array",
        },
      ],
      "onSort": [Function],
      "sortBy": {
        "direction": "asc",
        "index": 1,
      },
    },
  },
}
`;
