// Jest Snapshot v1, https://goo.gl/fbAQLP

exports[`NoSystemsTableBody expect to render without error 1`] = `
<Bullseye>
  <EmptyState
    variant="full"
  >
    <Title
      headingLevel="h2"
      size="lg"
      style={
        Object {
          "fontWeight": "bold",
        }
      }
    >
      No systems on this policy
    </Title>
    <EmptyStateBody>
      <TextContent>
        <Text
          component="p"
        >
          Add systems to this policy from the systems page
        </Text>
        <Text
          style={
            Object {
              "color": "var(--pf-global--warning-color--100)",
            }
          }
        >
          <ExclamationTriangleIcon
            color="currentColor"
            noVerticalAlign={false}
            size="sm"
          />
           
          Policies without systems will not have reports.
        </Text>
      </TextContent>
    </EmptyStateBody>
  </EmptyState>
</Bullseye>
`;
