// Jest Snapshot v1, https://goo.gl/fbAQLP

exports[`CompliancePoliciesEmptyState expect to render without error 1`] = `
<Bullseye>
  <EmptyState>
    <EmptyStateIcon
      icon={[Function]}
      size="xl"
      style={
        Object {
          "color": "var(--pf-global--primary-color--100)",
          "fontWeight": "500",
        }
      }
      title="Compliance"
    />
    <br />
    <Title
      size="lg"
    >
      No policies
    </Title>
    <br />
    <EmptyStateBody>
      <TextContent>
        The Compliance service uses SCAP policies to track your organization's adherence to compliance requirements.
      </TextContent>
      <TextContent>
        Get started by adding a policy, or read documentation about how to connect OpenSCAP to the Compliance service.
      </TextContent>
    </EmptyStateBody>
    <Connect(CreatePolicy)
      onWizardFinish={[Function]}
    />
    <EmptyStateSecondaryActions>
      <Component
        component="a"
        href="https://www.open-scap.org/getting-started/"
        rel="noopener noreferrer"
        target="_blank"
        variant="link"
      >
        Learn about OpenSCAP and Compliance
      </Component>
    </EmptyStateSecondaryActions>
  </EmptyState>
</Bullseye>
`;
