// Jest Snapshot v1, https://goo.gl/fbAQLP

exports[`usePDFBuilder buildPages returns and array of pages 1`] = `
[
  <mockConstructor
    data={
      {
        "policy": undefined,
      }
    }
  />,
]
`;

exports[`usePDFBuilder returns a build pages function 1`] = `[Function]`;
