// Jest Snapshot v1, https://goo.gl/fbAQLP

exports[`useQueryExportData queryExportData returns catches errors 1`] = `Object {}`;

exports[`useQueryExportData queryExportData returns data 1`] = `
Object {
  "compliantSystemCount": undefined,
  "nonCompliantSystemCount": undefined,
  "nonCompliantSystems": 10,
  "topTenFailedRules": 10,
  "unsupportedSystemCount": undefined,
  "unsupportedSystems": 10,
}
`;

exports[`useQueryExportData returns a query function 1`] = `[Function]`;
