// Jest Snapshot v1, https://goo.gl/fbAQLP

exports[`InventoryTable expect to not render a loading state 1`] = `
<StateView
  stateValues={
    Object {
      "empty": false,
      "error": undefined,
      "noError": true,
    }
  }
>
  <StateViewPart
    stateKey="error"
  >
    <ErrorPage />
  </StateViewPart>
  <StateViewPart
    stateKey="empty"
  >
    Empty State Component
  </StateViewPart>
  <StateViewPart
    stateKey="noError"
  >
    <ForwardRef
      actions={
        Array [
          Object {
            "onClick": [Function],
            "title": "View in inventory",
          },
        ]
      }
      activeFiltersConfig={
        Object {
          "filters": Array [],
          "onDelete": [Function],
        }
      }
      bulkSelect={
        Object {
          "checked": false,
          "count": 0,
          "label": undefined,
          "onSelect": [Function],
        }
      }
      dedicatedAction={
        <Memo(Connect(ComplianceRemediationButton))
          allSystems={Array []}
          selectedRules={Array []}
        />
      }
      exportConfig={
        Object {
          "isDisabled": true,
          "onSelect": [Function],
        }
      }
      fallback={
        <SkeletonTable
          canSelectAll={false}
          colSize={2}
          hasRadio={false}
          isSelectable={false}
          paddingColumnSize={0}
          rowSize={15}
          variant={null}
        />
      }
      filterConfig={
        Object {
          "items": Array [
            Object {
              "filterValues": Object {
                "onChange": [Function],
                "value": "",
              },
              "id": "name",
              "label": "Name",
              "placeholder": "Filter by name",
              "type": "text",
            },
          ],
        }
      }
      isLoaded={false}
      items={Array []}
      onLoad={[Function]}
      onRefresh={[Function]}
      page={1}
      perPage={50}
      tableProps={
        Object {
          "canSelectAll": false,
        }
      }
      total={0}
      variant=""
    />
  </StateViewPart>
</StateView>
`;
