// Jest Snapshot v1, https://goo.gl/fbAQLP

exports[`ComplianceSystems expect to render without error 1`] = `
<Fragment>
  <PageHeader>
    <PageHeaderTitle
      title="Compliance"
    />
    <withRouter(Connect(RouterParams)) />
  </PageHeader>
  <Connect(Main)>
    <withApollo(SystemsTable)
      columns={
        Array [
          Object {
            "composed": Array [
              "facts.os_release",
              "display_name",
            ],
            "key": "display_name",
            "props": Object {
              "width": 40,
            },
            "title": "Name",
          },
          Object {
            "key": "facts.compliance.profiles",
            "props": Object {
              "width": 40,
            },
            "title": "Profiles",
          },
          Object {
            "key": "facts.compliance.compliance_score",
            "props": Object {
              "width": 10,
            },
            "title": "Compliance score",
          },
          Object {
            "key": "facts.compliance.last_scanned",
            "props": Object {
              "width": 10,
            },
            "title": "Last scanned",
          },
        ]
      }
    />
  </Connect(Main)>
</Fragment>
`;
