// Jest Snapshot v1, https://goo.gl/fbAQLP

exports[`LinkWithPermission expect to render without error 1`] = `
<DocumentFragment>
  Mocked Link
</DocumentFragment>
`;
