// Jest Snapshot v1, https://goo.gl/fbAQLP

exports[`ErrorPage expect to render a 401 error when logged out 1`] = `""`;

exports[`ErrorPage expect to render a 403 error 1`] = `
<NotAuthorized
  serviceName="Compliance"
/>
`;

exports[`ErrorPage expect to render an invalid object 1`] = `<InvalidObject />`;

exports[`ErrorPage expect to render without error 1`] = `<ErrorState />`;
