// Jest Snapshot v1, https://goo.gl/fbAQLP

exports[`mapping systems to inventory entities should only return systems with a matching inventory entity 1`] = `
Array [
  Object {
    "account": undefined,
    "bios_uuid": undefined,
    "created": undefined,
    "display_name": undefined,
    "facts": Object {
      "compliance": Object {
        "compliance_score": <React.Fragment>
          <CompliantIcon
            id="d5bc2459-21ce-4d11-bc0b-03ea7513dfa6"
            lastScanned={2019-11-21T14:32:19.000Z}
            name="demo.lobatolan.home"
            profileNames="Standard System Security Profile for Red Hat Enterprise Linux 7, DISA STIG for Red Hat Enterprise Linux 7, United States Government Configuration Baseline, C2S for Red Hat Enterprise Linux 7"
            profiles={
              Array [
                Object {
                  "compliant": false,
                  "lastScanned": "2019-11-21T14:32:19Z",
                  "name": "Standard System Security Profile for Red Hat Enterprise Linux 7",
                  "rulesFailed": 34,
                  "rulesPassed": 17,
                },
                Object {
                  "compliant": false,
                  "lastScanned": "2019-11-21T14:32:19Z",
                  "name": "DISA STIG for Red Hat Enterprise Linux 7",
                  "rulesFailed": 152,
                  "rulesPassed": 65,
                },
                Object {
                  "compliant": false,
                  "lastScanned": "2019-11-21T14:32:19Z",
                  "name": "United States Government Configuration Baseline",
                  "rulesFailed": 190,
                  "rulesPassed": 171,
                },
                Object {
                  "compliant": false,
                  "lastScanned": "2019-11-21T14:32:19Z",
                  "name": "C2S for Red Hat Enterprise Linux 7",
                  "rulesFailed": 129,
                  "rulesPassed": 83,
                },
              ]
            }
            rulesFailed={505}
            rulesPassed={336}
          />
           40%
        </React.Fragment>,
        "compliance_score_text": " 40%",
        "last_scanned": Object {
          "title": <FormattedRelative
            updateInterval={10000}
            value={1574346739000}
          />,
        },
        "last_scanned_text": 2019-11-21T14:32:19.000Z,
        "profiles": "Standard System Security Profile for Red Hat Enterprise Linux 7, DISA STIG for Red Hat Enterprise Linux 7, United States Government Configuration Baseline, C2S for Red Hat Enterprise Linux 7",
        "rules_failed": Object {
          "title": <ForwardRef
            to={
              Object {
                "pathname": "/systems/d5bc2459-21ce-4d11-bc0b-03ea7513dfa6",
                "query": Object {
                  "hidePassed": true,
                },
              }
            }
          >
            505
          </ForwardRef>,
        },
        "rules_failed_text": 505,
        "rules_passed": 336,
      },
      "inventory": Object {
        "hostname": undefined,
        "machine_id": undefined,
        "release": undefined,
      },
    },
    "fqdn": undefined,
    "id": "d5bc2459-21ce-4d11-bc0b-03ea7513dfa6",
    "insights_id": undefined,
    "ip_addresses": undefined,
    "mac_addresses": undefined,
    "rhel_machine_id": undefined,
    "satellite_id": undefined,
    "subscription_manager_id": undefined,
    "tags": undefined,
    "updated": undefined,
  },
]
`;
