// Jest Snapshot v1, https://goo.gl/fbAQLP

exports[`BusinessObjectiveField expect to render without error 1`] = `
<Fragment>
  <Title
    headingLevel="h3"
    size="xl"
  >
    Business objective
  </Title>
  This is an optional field that can be used to label policies that are related to specific business objectives.
  <FormGroup
    field-id="edit-policy-business-objective"
    helperText="e.g Project Gemini"
    label="Business objective"
  >
    <Field
      aria-label="Select a business objective"
      ariaLabelledBy="business-objective-typeahead"
      id="businessObjective"
      isClearable={true}
      loadOptions={[Function]}
      name="businessObjective"
      onChange={[Function]}
      onCreateOption={[Function]}
      placeholder="Type to select and create"
      selected={
        Object {
          "label": "BO title",
          "value": 1,
        }
      }
    />
  </FormGroup>
</Fragment>
`;
