// Jest Snapshot v1, https://goo.gl/fbAQLP

exports[`UpdateProfileButton expect to render without error 1`] = `
<Component
  onClick={[Function]}
  type="submit"
  variant="primary"
>
  Save
</Component>
`;
