// Jest Snapshot v1, https://goo.gl/fbAQLP

exports[`DeletePolicy expect to render an open modal without error 1`] = `
<Modal
  actions={
    Array [
      <Button
        aria-label="delete"
        isDisabled={true}
        onClick={[Function]}
        variant="danger"
      >
        Delete policy and associated reports
      </Button>,
      <Button
        onClick={[Function]}
        variant="secondary"
      >
        Cancel
      </Button>,
    ]
  }
  appendTo={[Function]}
  aria-describedby=""
  aria-label=""
  aria-labelledby=""
  className=""
  hasNoBodyWrapper={false}
  isOpen={true}
  onClose={[Function]}
  ouiaSafe={true}
  showClose={true}
  title={
    <React.Fragment>
      <ExclamationTriangleIcon
        className="ins-u-warning"
        color="currentColor"
        noVerticalAlign={false}
        size="sm"
      />
      <Text
        className="policy-delete-header-text"
        component="span"
      >
        Delete policy?
      </Text>
    </React.Fragment>
  }
  titleIconVariant={null}
  titleLabel=""
  variant="small"
>
  <Text
    className="policy-delete-body-text"
  >
    Deleting the policy 
    <b>
      foo
    </b>
     will also delete its associated reports.
  </Text>
  <Checkbox
    className=""
    id="deleting-policy-check-1"
    isChecked={false}
    isDisabled={false}
    isValid={true}
    label="I understand this will delete the policy and all associated reports"
    onChange={[Function]}
  />
</Modal>
`;
