// Jest Snapshot v1, https://goo.gl/fbAQLP

exports[`RuleDetailsRow expect to render without error 1`] = `
<DocumentFragment>
  <div>
    <div
      class="pf-v5-l-stack"
      id="rule-description-rule-child-row-xccdf_org.ssgproject.content_rule_audit_rules_time_watch_localtime"
    >
      <div
        class="pf-v5-l-stack__item"
      >
        <h5
          class="pf-c-form__label"
          data-ouia-component-id="OUIA-Generated-Text-1"
          data-ouia-component-type="PF5/Text"
          data-ouia-safe="true"
          data-pf-content="true"
        >
          <b>
            Description
          </b>
        </h5>
      </div>
      <div
        class="pf-v5-l-stack__item pf-m-fill"
      >
        If the auditd daemon is configured to use the augenrules program to read audit rules during daemon startup (the default), add the following line to a file with suffix .rules in the directory /etc/audit/rules.d: -w /etc/localtime -p wa -k audit_time_rules If the auditd daemon is configured to use the auditctl utility to read audit rules during daemon startup, add the following line to /etc/audit/audit.rules file: -w /etc/localtime -p wa -k audit_time_rules The -k option allows for the specification of a key in string form that can be used for better reporting capability through ausearch and aureport and should always be used.
      </div>
    </div>
    <div
      class="pf-v5-l-stack"
      id="rule-identifiers-references-rule-child-row-xccdf_org.ssgproject.content_rule_audit_rules_time_watch_localtime"
    >
      <div
        class="pf-v5-l-grid"
      />
    </div>
    <div
      class="pf-v5-l-stack"
      id="rule-rationale-rule-child-row-xccdf_org.ssgproject.content_rule_audit_rules_time_watch_localtime"
    >
      <div
        class="pf-v5-l-stack__item"
      >
        <h5
          class="pf-c-form__label"
          data-ouia-component-id="OUIA-Generated-Text-2"
          data-ouia-component-type="PF5/Text"
          data-ouia-safe="true"
          data-pf-content="true"
        >
          <b>
            Rationale
          </b>
        </h5>
      </div>
      <div
        class="pf-v5-l-stack__item pf-m-fill"
      >
        Arbitrary changes to the system time can be used to obfuscate nefarious activities in log files, as well as to confuse network services that are highly dependent upon an accurate system time (such as sshd). All changes to the system time should be audited.
      </div>
    </div>
  </div>
</DocumentFragment>
`;
