// Jest Snapshot v1, https://goo.gl/fbAQLP

exports[`TableToolsTable expect to have filters properly rendered 1`] = `
<div
  class="pf-c-pagination__total-items"
>
  <b>
    1
     - 
    1
  </b>
   
  of
   
  <b>
    1
  </b>
   
  
</div>
`;

exports[`TableToolsTable expect to have filters properly rendered 2`] = `
<div
  class="pf-c-pagination__total-items"
>
  <b>
    1
     - 
    10
  </b>
   
  of
   
  <b>
    30
  </b>
   
  
</div>
`;

exports[`TableToolsTable expect to render without error 1`] = `
<Fragment>
  <PrimaryToolbar
    actionsConfig={
      Object {
        "actions": Array [
          undefined,
        ],
      }
    }
    activeFiltersConfig={
      Object {
        "filters": Array [],
        "onDelete": [Function],
      }
    }
    filterConfig={
      Object {
        "items": Array [
          Object {
            "filterValues": Object {
              "onChange": [Function],
              "value": undefined,
            },
            "id": "name",
            "label": "Name",
            "placeholder": "Filter by name",
            "type": "text",
          },
          Object {
            "filterValues": Object {
              "items": Array [
                Object {
                  "label": "OPTION 1",
                  "value": "OPTION 1",
                },
                Object {
                  "label": "OPTION 2",
                  "value": "OPTION 2",
                },
                Object {
                  "label": "OPTION 3",
                  "value": "OPTION 3",
                },
              ],
              "onChange": [Function],
              "value": undefined,
            },
            "id": "checkboxfilter",
            "label": "Checkbox Filter",
            "placeholder": "Filter by checkbox filter",
            "type": "checkbox",
          },
          Object {
            "filterValues": Object {
              "items": Array [
                Object {
                  "label": "OPTION 1",
                  "value": "OPTION 1",
                },
                Object {
                  "label": "OPTION 2",
                  "value": "OPTION 2",
                },
                Object {
                  "label": "OPTION 3",
                  "value": "OPTION 3",
                },
              ],
              "onChange": [Function],
              "value": undefined,
            },
            "id": "radiofilter",
            "label": "Radio Filter",
            "placeholder": "Filter by radio filter",
            "type": "radio",
          },
          Object {
            "className": undefined,
            "filterValues": Object {
              "groups": Array [
                Object {
                  "items": Array [
                    Object {
                      "label": "Child 1",
                      "type": "checkbox",
                      "value": 1,
                    },
                    Object {
                      "label": "Child 2",
                      "type": "checkbox",
                      "value": 2,
                    },
                  ],
                  "label": "Parent 1",
                  "type": "checkbox",
                  "value": 1,
                },
                Object {
                  "items": Array [
                    Object {
                      "label": "Parent 2 Child 1",
                      "type": "checkbox",
                      "value": 1,
                    },
                    Object {
                      "label": "Parent 2 Child 2",
                      "type": "checkbox",
                      "value": 2,
                    },
                  ],
                  "label": "Parent 2",
                  "type": "checkbox",
                  "value": 2,
                },
              ],
              "onChange": [Function],
              "selected": undefined,
            },
            "id": "filtergroup",
            "label": "Filter group",
            "type": "group",
          },
        ],
      }
    }
    pagination={
      Object {
        "itemCount": 30,
        "onPerPageSelect": [Function],
        "onSetPage": [Function],
        "page": 1,
        "perPage": 10,
      }
    }
  />
  <Table
    actionsMenuAppendTo="inline"
    aria-label="Test Table"
    borders={true}
    canCollapseAll={false}
    canSelectAll={true}
    canSortFavorites={true}
    cells={
      Array [
        Object {
          "exportKey": "id",
          "sortByProperty": "id",
          "title": "ID",
        },
        Object {
          "exportKey": "name",
          "renderFunc": [Function],
          "sortByProperty": "name",
          "title": "Name",
        },
        Object {
          "exportKey": "name",
          "renderExport": [Function],
          "sortByProperty": "name",
          "title": "Another Name column",
        },
        Object {
          "renderExport": [Function],
          "sortByProperty": "description",
          "title": "Description",
        },
        Object {
          "exportKey": "severity",
          "renderFunc": [Function],
          "sortByFunction": [Function],
          "title": "Severity sorted by function",
          "transforms": Array [
            [Function],
          ],
        },
        Object {
          "exportKey": "severity",
          "renderFunc": [Function],
          "sortByArray": Array [
            "high",
            "medium",
            "low",
            "unknown",
          ],
          "sortByProperty": "severity",
          "title": "Severity by Array",
        },
      ]
    }
    className=""
    collapseAllAriaLabel=""
    contentId="expanded-content"
    dropdownDirection="down"
    dropdownPosition="right"
    expandId="expandable-toggle"
    gridBreakPoint="grid-md"
    isHeaderSelectDisabled={false}
    isNested={false}
    isStickyHeader={false}
    isTreeTable={false}
    onCollapse={[Function]}
    onSort={[Function]}
    ouiaSafe={true}
    role="grid"
    rowLabeledBy="simple-node"
    rows={
      Array [
        Object {
          "cells": Array [
            Object {
              "title": 1,
            },
            Object {
              "title": "TEST ITEM #1",
            },
            Object {
              "title": undefined,
            },
            Object {
              "title": "DESCRIPTION",
            },
            Object {
              "title": "medium",
            },
            Object {
              "title": "medium",
            },
          ],
          "itemId": 1,
        },
        Object {
          "cells": Array [
            Object {
              "title": 2,
            },
            Object {
              "title": "TEST ITEM #2",
            },
            Object {
              "title": undefined,
            },
            Object {
              "title": "DESCRIPTION",
            },
            Object {
              "title": "low",
            },
            Object {
              "title": "low",
            },
          ],
          "itemId": 2,
        },
        Object {
          "cells": Array [
            Object {
              "title": 3,
            },
            Object {
              "title": "TEST ITEM #3",
            },
            Object {
              "title": undefined,
            },
            Object {
              "title": "DESCRIPTION",
            },
            Object {
              "title": "unknown",
            },
            Object {
              "title": "unknown",
            },
          ],
          "itemId": 3,
        },
        Object {
          "cells": Array [
            Object {
              "title": 4,
            },
            Object {
              "title": "TEST ITEM #4",
            },
            Object {
              "title": undefined,
            },
            Object {
              "title": "DESCRIPTION",
            },
            Object {
              "title": "high",
            },
            Object {
              "title": "high",
            },
          ],
          "itemId": 4,
        },
        Object {
          "cells": Array [
            Object {
              "title": 5,
            },
            Object {
              "title": "TEST ITEM #5",
            },
            Object {
              "title": undefined,
            },
            Object {
              "title": "DESCRIPTION",
            },
            Object {
              "title": "medium",
            },
            Object {
              "title": "medium",
            },
          ],
          "itemId": 5,
        },
        Object {
          "cells": Array [
            Object {
              "title": 6,
            },
            Object {
              "title": "TEST ITEM #6",
            },
            Object {
              "title": undefined,
            },
            Object {
              "title": "DESCRIPTION",
            },
            Object {
              "title": "low",
            },
            Object {
              "title": "low",
            },
          ],
          "itemId": 6,
        },
        Object {
          "cells": Array [
            Object {
              "title": 7,
            },
            Object {
              "title": "TEST ITEM #7",
            },
            Object {
              "title": undefined,
            },
            Object {
              "title": "DESCRIPTION",
            },
            Object {
              "title": "unknown",
            },
            Object {
              "title": "unknown",
            },
          ],
          "itemId": 7,
        },
        Object {
          "cells": Array [
            Object {
              "title": 8,
            },
            Object {
              "title": "TEST ITEM #8",
            },
            Object {
              "title": undefined,
            },
            Object {
              "title": "DESCRIPTION",
            },
            Object {
              "title": "high",
            },
            Object {
              "title": "high",
            },
          ],
          "itemId": 8,
        },
        Object {
          "cells": Array [
            Object {
              "title": 9,
            },
            Object {
              "title": "TEST ITEM #9",
            },
            Object {
              "title": undefined,
            },
            Object {
              "title": "DESCRIPTION",
            },
            Object {
              "title": "medium",
            },
            Object {
              "title": "medium",
            },
          ],
          "itemId": 9,
        },
        Object {
          "cells": Array [
            Object {
              "title": 10,
            },
            Object {
              "title": "TEST ITEM #10",
            },
            Object {
              "title": undefined,
            },
            Object {
              "title": "DESCRIPTION",
            },
            Object {
              "title": "low",
            },
            Object {
              "title": "low",
            },
          ],
          "itemId": 10,
        },
      ]
    }
    selectVariant="checkbox"
    sortBy={
      Object {
        "direction": "asc",
        "index": 1,
      }
    }
    variant={null}
  >
    <TableHeader />
    <TableBody />
  </Table>
  <TableToolbar
    isFooter={true}
    results={-1}
    selected={-1}
  >
    <Pagination
      className=""
      defaultToFullPage={false}
      firstPage={1}
      isCompact={false}
      isDisabled={false}
      isSticky={false}
      itemCount={30}
      itemsEnd={null}
      itemsStart={null}
      offset={0}
      onFirstClick={[Function]}
      onLastClick={[Function]}
      onNextClick={[Function]}
      onPageInput={[Function]}
      onPerPageSelect={[Function]}
      onPreviousClick={[Function]}
      onSetPage={[Function]}
      ouiaSafe={true}
      page={1}
      perPage={10}
      perPageComponent="div"
      perPageOptions={
        Array [
          Object {
            "title": "10",
            "value": 10,
          },
          Object {
            "title": "20",
            "value": 20,
          },
          Object {
            "title": "50",
            "value": 50,
          },
          Object {
            "title": "100",
            "value": 100,
          },
        ]
      }
      titles={
        Object {
          "currPage": "Current page",
          "items": "",
          "itemsPerPage": "Items per page",
          "ofWord": "of",
          "optionsToggle": "",
          "page": "",
          "pages": "",
          "paginationTitle": "Pagination",
          "perPageSuffix": "per page",
          "toFirstPage": "Go to first page",
          "toLastPage": "Go to last page",
          "toNextPage": "Go to next page",
          "toPreviousPage": "Go to previous page",
        }
      }
      variant="bottom"
      widgetId="options-menu"
    />
  </TableToolbar>
</Fragment>
`;
