// Jest Snapshot v1, https://goo.gl/fbAQLP

exports[`PolicyBusinessObjectiveTooltip expect to render without error 1`] = `
<Tooltip
  content={
    <React.Fragment>
      This is an optional field that can be used to label policies that are related to specific business objectives.
    </React.Fragment>
  }
  position="right"
>
  <span>
    Â 
    <OutlinedQuestionCircleIcon
      className="grey-icon"
      color="currentColor"
      noVerticalAlign={false}
      size="sm"
    />
  </span>
</Tooltip>
`;
